DRUM JOINT -- standard article
  annulus            r 0.588 .. 1.588 m   (1.000 m radial)
  cell depth         300 mm   plate 40 mm   wall 25 mm
  rotating mass      4289 kg

  TORSION -- why it is boxed
    open section     J = 4.579e-05 m4
    closed cell      J = 4.865e-03 m4   (106x)

  PLATE SECTION -- why a ring is not a beam
    out of plane     I = 5.333e-06 m4   (the overhang loads this one)
    in plane         I = 3.333e-03 m4   (625x stiffer)

  THE MIDDLE -- a volume, not a band
    drive annulus    r 0.588 .. 1.408 m   (0.820 m radial)
    usable height    315 mm = 300 gap + 2 x 25 pocketed into the plates
    volume           1620 litres in 16 segments
    airgap at rim    9.978 m of circumference

  THE MATING FLOORS -- untouched
    band kept solid  180 mm of radius, top and bottom, full plate thickness
    captive races    2 x 16 elements at 300 mm separation

  check             PASS
  graph             186 nodes, 468 edges
  50 kN on one side 0.086 mm
pygame 2.6.1 (SDL 2.28.4, Python 3.11.7)
Hello from the pygame community. https://www.pygame.org/contribute.html
  wrote drum_ref_q.png
  wrote drum_ref_side.png
  wrote drum_ref_top.png
pygame 2.6.1 (SDL 2.28.4, Python 3.11.7)
Hello from the pygame community. https://www.pygame.org/contribute.html
  articulated groups: drive-unit-0=174, drive-unit-1=174, drive-unit-2=174, drive-unit-3=174, drive-unit-4=174, drive-unit-5=174, frame=4608, traverse=12456
  donut turns 1.80 turns per turn of the drum
wrote drum_turning.png
